Microchip MPLAB XC8 Compiler V2.32

Linker command line:

-W-3 --edf=C:\Program Files\Microchip\xc8\v2.32\pic\dat\en_msgs.txt -cn \
  -h+dist/default/production\LCD_Scroll.X.production.sym \
  --cmf=dist/default/production\LCD_Scroll.X.production.cmf -z -Q16F877A \
  -oC:\Users\xcite\AppData\Local\Temp\xcAs9c8.4 --defsym=__MPLAB_BUILD=1 \
  -Mdist/default/production/LCD_Scroll.X.production.map -E1 \
  -ver=XC8 Compiler --acfsm=1493 -ASTACK=0110h-016Fh -pstack=STACK \
  -ACODE=00h-07FFhx4 -ASTRCODE=00h-01FFFh -ASTRING=00h-0FFhx32 \
  -ACONST=00h-0FFhx32 -AENTRY=00h-0FFhx32 -ACOMMON=070h-07Fh \
  -ABANK0=020h-06Fh -ABANK1=0A0h-0EFh -ABANK2=0110h-016Fh \
  -ABANK3=0190h-01EFh -ARAM=020h-06Fh,0A0h-0EFh,0110h-016Fh,0190h-01EFh \
  -AABS1=020h-07Fh,0A0h-0EFh,0110h-016Fh,0190h-01EFh -ASFR0=00h-01Fh \
  -ASFR1=080h-09Fh -ASFR2=0100h-010Fh -ASFR3=0180h-018Fh \
  -ACONFIG=02007h-02007h -DCONFIG=2 -AIDLOC=02000h-02003h -DIDLOC=2 \
  -AEEDATA=00h-0FFh/02100h -peeprom_data=EEDATA -DEEDATA=2 -DCODE=2 \
  -DSTRCODE=2 -DSTRING=2 -DCONST=2 -DENTRY=2 \
  -preset_vec=00h,intentry,init,end_init -ppowerup=CODE -pcinit=CODE \
  -pfunctab=ENTRY -k C:\Users\xcite\AppData\Local\Temp\xcAs9c8.o \
  dist/default/production\LCD_Scroll.X.production.o 

Object code version is 3.11

Machine type is 16F877A



                Name                               Link     Load   Length Selector   Space Scale
C:\Users\xcite\AppData\Local\Temp\xcAs9c8.o
                end_init                              0        0        3        0       0
                config                             2007     2007        1        0       4
dist/default/production\LCD_Scroll.X.production.o
                cinit                               7EE      7EE       12      FDC       0
                config                             2007     2007        1        0       4
                text6                               6A7      6A7       1D      D4E       0
                text5                               674      674        7      CE8       0
                text4                               6E1      6E1       26      DC2       0
                text3                               6C4      6C4       1D      D88       0
                text2                               707      707       27      E0E       0
                text1                               68E      68E       19      D1C       0
                maintext                            77E      77E       70      EFC       0
                cstackCOMMON                         70       70        B       70       1
                inittext                            67B      67B       13      CF6       0
                dataBANK0                            20       20       50       20       1
                strings                               3        3       22        6       0
                idataBANK0                          72E      72E       50      E5C       0

TOTAL           Name                               Link     Load   Length     Space
        CLASS   STACK          

        CLASS   CODE           
                end_init                              0        0        3         0
                cinit                               7EE      7EE       12         0
                text6                               6A7      6A7       1D         0
                text5                               674      674        7         0
                text4                               6E1      6E1       26         0
                text3                               6C4      6C4       1D         0
                text2                               707      707       27         0
                text1                               68E      68E       19         0
                maintext                            77E      77E       70         0
                inittext                            67B      67B       13         0
                idataBANK0                          72E      72E       50         0

        CLASS   STRCODE        

        CLASS   STRING         
                strings                               3        3       22         0

        CLASS   CONST          

        CLASS   ENTRY          

        CLASS   COMMON         
                cstackCOMMON                         70       70        B         1

        CLASS   BANK0          
                dataBANK0                            20       20       50         1

        CLASS   BANK1          

        CLASS   BANK2          

        CLASS   BANK3          

        CLASS   RAM            

        CLASS   ABS1           
                abs_s1                               7E       7E        2         1

        CLASS   SFR0           

        CLASS   SFR1           

        CLASS   SFR2           

        CLASS   SFR3           

        CLASS   CONFIG         
                config                             2007     2007        1         4

        CLASS   IDLOC          

        CLASS   EEDATA         



SEGMENTS        Name                           Load    Length   Top    Selector   Space  Class     Delta

                reset_vec                      000000  000003  000003         0       0  CODE        2
                strings                        000003  000022  000025         6       0  STRING      2
                dataBANK0                      000020  000050  000070        20       1  BANK0       1
                cstackCOMMON                   000070  00000B  00007B        70       1  COMMON      1
                text5                          000674  000007  00067B       CE8       0  CODE        2
                inittext                       00067B  000013  00068E       CF6       0  CODE        2
                text1                          00068E  000019  0006A7       D1C       0  CODE        2
                text6                          0006A7  00001D  0006C4       D4E       0  CODE        2
                text3                          0006C4  00001D  0006E1       D88       0  CODE        2
                text4                          0006E1  000026  000707       DC2       0  CODE        2
                text2                          000707  000027  00072E       E0E       0  CODE        2
                idataBANK0                     00072E  000050  00077E       E5C       0  CODE        2
                maintext                       00077E  000070  0007EE       EFC       0  CODE        2
                cinit                          0007EE  000012  000800       FDC       0  CODE        2


UNUSED ADDRESS RANGES

        Name                Unused          Largest block    Delta
        BANK1            00A0-00EF             50           1
        BANK2            0110-016F             60           1
        BANK3            0190-01EF             60           1
        CODE             0025-0673            64F           2
                         0800-1FFF            800
        COMMON           007B-007D              3           1
        CONST            0025-0673            100           2
                         0800-1FFF            100
        EEDATA           2100-21FF            100           2
        ENTRY            0025-0673            100           2
                         0800-1FFF            100
        IDLOC            2000-2003              4           2
        RAM              00A0-00EF             50           1
                         0110-016F             60
                         0190-01EF             60
        SFR0             0000-001F             20           1
        SFR1             0080-009F             20           1
        SFR2             0100-010F             10           1
        SFR3             0180-018F             10           1
        STACK            0110-016F             60           1
        STRCODE          0025-0673            64F           2
                         0800-1FFF           1800
        STRING           0025-0673            100           2
                         0800-1FFF            100

                                  Symbol Table

_PORTB                   (abs)        0006
_PORTD                   (abs)        0008
_RB4                     (abs)        0034
_RB5                     (abs)        0035
_TRISB                   (abs)        0086
_TRISD                   (abs)        0088
__Habs1                  abs1         0000
__Hbank0                 bank0        0000
__Hbank1                 bank1        0000
__Hbank2                 bank2        0000
__Hbank3                 bank3        0000
__Hcinit                 cinit        0800
__Hclrtext               clrtext      0000
__Hcode                  code         0000
__Hcommon                common       0000
__Hconfig                config       2008
__HcstackCOMMON          cstackCOMMON 0000
__HdataBANK0             dataBANK0    0000
__Heeprom_data           eeprom_data  0000
__Hend_init              end_init     0003
__Hfunctab               functab      0000
__HidataBANK0            idataBANK0   0000
__Hinit                  init         0000
__Hinittext              inittext     0000
__Hintentry              intentry     0000
__Hmaintext              maintext     0000
__Hpowerup               powerup      0000
__Hram                   ram          0000
__Hreset_vec             reset_vec    0000
__Hsfr0                  sfr0         0000
__Hsfr1                  sfr1         0000
__Hsfr2                  sfr2         0000
__Hsfr3                  sfr3         0000
__Hspace_0               (abs)        0800
__Hspace_1               (abs)        007B
__Hspace_2               (abs)        0000
__Hspace_3               (abs)        0000
__Hspace_4               (abs)        400F
__Hstack                 stack        0000
__Hstrings               strings      0000
__Htext                  text         0000
__Labs1                  abs1         0000
__Lbank0                 bank0        0000
__Lbank1                 bank1        0000
__Lbank2                 bank2        0000
__Lbank3                 bank3        0000
__Lcinit                 cinit        07EE
__Lclrtext               clrtext      0000
__Lcode                  code         0000
__Lcommon                common       0000
__Lconfig                config       0000
__LcstackCOMMON          cstackCOMMON 0000
__LdataBANK0             dataBANK0    0000
__Leeprom_data           eeprom_data  0000
__Lend_init              end_init     0000
__Lfunctab               functab      0000
__LidataBANK0            idataBANK0   0000
__Linit                  init         0000
__Linittext              inittext     0000
__Lintentry              intentry     0000
__Lmaintext              maintext     0000
__Lpowerup               powerup      0000
__Lram                   ram          0000
__Lreset_vec             reset_vec    0000
__Lsfr0                  sfr0         0000
__Lsfr1                  sfr1         0000
__Lsfr2                  sfr2         0000
__Lsfr3                  sfr3         0000
__Lspace_0               (abs)        0000
__Lspace_1               (abs)        0000
__Lspace_2               (abs)        0000
__Lspace_3               (abs)        0000
__Lspace_4               (abs)        0000
__Lstack                 stack        0000
__Lstrings               strings      0000
__Ltext                  text         0000
__S0                     (abs)        0800
__S1                     (abs)        007B
__S2                     (abs)        0000
__S3                     (abs)        0000
___int_sp                stack        0000
___latbits               (abs)        0002
___sp                    stack        0000
___stackhi               (abs)        0000
___stacklo               (abs)        0000
__end_of__initialization cinit        07FC
__end_of__stringtab      strings      0009
__end_of_lcd_clear       text5        067B
__end_of_lcd_command     text6        06C4
__end_of_lcd_cursor      text4        0707
__end_of_lcd_data        text3        06E1
__end_of_lcd_display     text2        072E
__end_of_lcd_init        text1        06A7
__end_of_main            maintext     07EE
__initialization         cinit        07EE
__pcstackCOMMON          cstackCOMMON 0070
__pdataBANK0             dataBANK0    0020
__pidataBANK0            idataBANK0   072E
__pmaintext              maintext     077E
__pstrings               strings      0003
__ptext1                 text1        068E
__ptext2                 text2        0707
__ptext3                 text3        06C4
__ptext4                 text4        06E1
__ptext5                 text5        0674
__ptext6                 text6        06A7
__size_of_lcd_clear      (abs)        0000
__size_of_lcd_command    (abs)        0000
__size_of_lcd_cursor     (abs)        0000
__size_of_lcd_data       (abs)        0000
__size_of_lcd_display    (abs)        0000
__size_of_lcd_init       (abs)        0000
__size_of_main           (abs)        0000
__stringbase             strings      0008
__stringtab              strings      0003
_b                       dataBANK0    0020
_lcd_clear               text5        0674
_lcd_command             text6        06A7
_lcd_cursor              text4        06E1
_lcd_data                text3        06C4
_lcd_display             text2        0707
_lcd_init                text1        068E
_main                    maintext     077E
btemp                    (abs)        007E
end_of_initialization    cinit        07FC
init_fetch0              inittext     067B
init_ram0                inittext     067F
intlevel0                functab      0000
intlevel1                functab      0000
intlevel2                functab      0000
intlevel3                functab      0000
intlevel4                functab      0000
intlevel5                functab      0000
lcd_command@com          cstackCOMMON 0072
lcd_cursor@col           cstackCOMMON 0073
lcd_cursor@row           cstackCOMMON 0074
lcd_data@data            cstackCOMMON 0072
lcd_display@word         cstackCOMMON 0075
main@i                   cstackCOMMON 0079
reset_vec                reset_vec    0000
start                    init         0000
start_initialization     cinit        07EE
wtemp0                   (abs)        007E


MODULE INFORMATION

Module		Function		Class		Link	Load	Size
shared
		__stringtab    		STRING         	0003	0000	6
		__initialization		CODE           	07EE	0000	14

shared estimated size: 20

main.c
		_lcd_command   		CODE           	06A7	0000	29
		_lcd_data      		CODE           	06C4	0000	29
		_lcd_display   		CODE           	0707	0000	39
		_main          		CODE           	077E	0000	112
		_lcd_clear     		CODE           	0674	0000	7
		_lcd_cursor    		CODE           	06E1	0000	38
		_lcd_init      		CODE           	068E	0000	25

main.c estimated size: 279

